node.exe : npm warn Unknown env config "devdir". This will stop working in the next major version of npm. See `npm 
help npmrc` for supported config options.
No linha:1 caractere:1
+ & "C:\Program Files\nodejs/node.exe" "C:\Program Files\nodejs/node_mo ...
+ ~~~~~~~~~~~~~~~~~~~~~~~~~~~~~~~~~~~~~~~~~~~~~~~~~~~~~~~~~~~~~~~~~~~~~
    + CategoryInfo          : NotSpecified: (npm warn Unknow...config options.:String) [], RemoteException
    + FullyQualifiedErrorId : NativeCommandError
 

> evoluafit@0.0.0 build
> vite build

vite v8.1.4 building client environment for production...
[2K
transforming...Ô£ô 165 modules transformed.
rendering chunks...
computing gzip size...
dist/index.html                                  1.17 kB Ôöé gzip:   0.56 kB
dist/assets/hero-athlete-back-0X4STcTN.webp     69.09 kB
dist/assets/index-DdriX9DH.css                 200.33 kB Ôöé gzip:  37.17 kB
dist/assets/index-DEldyLBI.js                1,040.01 kB Ôöé gzip: 291.39 kB

[33m[PLUGIN_TIMINGS] [0mYour build spent significant time in plugin `vite:prepare-out-dir`. See 
https://rolldown.rs/reference/InputOptions.checks#plugintimings for more details.

[plugin builtin:vite-reporter] 
(!) Some chunks are larger than 500 kB after minification. Consider:
- Using dynamic import() to code-split the application
- Use build.rolldownOptions.output.codeSplitting to improve chunking: 
https://rolldown.rs/reference/OutputOptions.codeSplitting
- Adjust chunk size limit for this warning via build.chunkSizeWarningLimit.
Ô£ô built in 5.46s
